00:00 +0: loading C:/Users/nuhaa/Downloads/Chatgpt/noise_pollution_mapper/test/unit/app_theme_test.dart
00:00 +0: C:/Users/nuhaa/Downloads/Chatgpt/noise_pollution_mapper/test/unit/app_theme_test.dart: App Theme Tests AppTheme class has required color constants
00:00 +1: C:/Users/nuhaa/Downloads/Chatgpt/noise_pollution_mapper/test/unit/app_theme_test.dart: App Theme Tests Theme has noise level colors
00:00 +2: C:/Users/nuhaa/Downloads/Chatgpt/noise_pollution_mapper/test/unit/app_theme_test.dart: App Theme Tests Theme colors are not null
00:00 +3: C:/Users/nuhaa/Downloads/Chatgpt/noise_pollution_mapper/test/unit/app_theme_test.dart: App Theme Tests Dark theme can be generated
00:00 +4: C:/Users/nuhaa/Downloads/Chatgpt/noise_pollution_mapper/test/unit/app_theme_test.dart: App Theme Tests Light theme can be generated
00:00 +5: C:/Users/nuhaa/Downloads/Chatgpt/noise_pollution_mapper/test/unit/app_theme_test.dart: App Theme Tests Theme colors map is not empty
00:00 +6: C:/Users/nuhaa/Downloads/Chatgpt/noise_pollution_mapper/test/unit/app_theme_test.dart: App Theme Tests Each theme color has a name and color
00:00 +7: C:/Users/nuhaa/Downloads/Chatgpt/noise_pollution_mapper/test/unit/app_theme_test.dart: App Theme Tests Theme colors include standard options
00:00 +8: C:/Users/nuhaa/Downloads/Chatgpt/noise_pollution_mapper/test/unit/app_theme_test.dart: App Theme Tests Generated themes have proper color schemes
00:02 +9: C:/Users/nuhaa/Downloads/Chatgpt/noise_pollution_mapper/test/unit/audio_processing_test.dart: Audio Buffer Tests Buffer size matches YAMNet requirements
00:02 +10: C:/Users/nuhaa/Downloads/Chatgpt/noise_pollution_mapper/test/unit/audio_processing_test.dart: Audio Buffer Tests Sample rate is 16kHz
00:02 +11: C:/Users/nuhaa/Downloads/Chatgpt/noise_pollution_mapper/test/unit/audio_processing_test.dart: Audio Buffer Tests Buffer duration is correct
00:02 +12: C:/Users/nuhaa/Downloads/Chatgpt/noise_pollution_mapper/test/unit/audio_processing_test.dart: Audio Buffer Tests Mono channel (1 channel)
00:02 +13: C:/Users/nuhaa/Downloads/Chatgpt/noise_pollution_mapper/test/unit/audio_processing_test.dart: Audio Data Conversion Tests Convert PCM16 to Float64
00:02 +14: C:/Users/nuhaa/Downloads/Chatgpt/noise_pollution_mapper/test/unit/audio_processing_test.dart: Audio Data Conversion Tests Normalized values are in range [-1, 1]
00:02 +15: C:/Users/nuhaa/Downloads/Chatgpt/noise_pollution_mapper/test/unit/audio_processing_test.dart: Audio Data Conversion Tests Zero input produces zero output
00:02 +16: C:/Users/nuhaa/Downloads/Chatgpt/noise_pollution_mapper/test/unit/audio_processing_test.dart: Audio Classification Interval Tests Classification happens every 5 seconds
00:02 +17: C:/Users/nuhaa/Downloads/Chatgpt/noise_pollution_mapper/test/unit/audio_processing_test.dart: Audio Classification Interval Tests Number of samples per classification
00:02 +18: C:/Users/nuhaa/Downloads/Chatgpt/noise_pollution_mapper/test/unit/audio_processing_test.dart: Audio Classification Interval Tests Multiple buffers per interval
00:02 +19: C:/Users/nuhaa/Downloads/Chatgpt/noise_pollution_mapper/test/unit/audio_processing_test.dart: Confidence Threshold Tests Default confidence threshold is 60%
00:02 +20: C:/Users/nuhaa/Downloads/Chatgpt/noise_pollution_mapper/test/unit/audio_processing_test.dart: Confidence Threshold Tests Production threshold should be 70%
00:02 +21: C:/Users/nuhaa/Downloads/Chatgpt/noise_pollution_mapper/test/unit/audio_processing_test.dart: Confidence Threshold Tests Confidence value validation
00:04 +22: C:/Users/nuhaa/Downloads/Chatgpt/noise_pollution_mapper/test/unit/data_validation_test.dart: Data Validation Tests Email Validation Valid email addresses pass validation
00:04 +22 -1: C:/Users/nuhaa/Downloads/Chatgpt/noise_pollution_mapper/test/unit/data_validation_test.dart: Data Validation Tests Email Validation Valid email addresses pass validation [E]
  Expected: true
    Actual: <false>
  Email test+tag@gmail.com should be valid
  
  package:matcher                                     expect
  package:flutter_test/src/widget_tester.dart 473:18  expect
  test\unit\data_validation_test.dart 16:11           main.<fn>.<fn>.<fn>
  
00:04 +22 -1: C:/Users/nuhaa/Downloads/Chatgpt/noise_pollution_mapper/test/unit/data_validation_test.dart: Data Validation Tests Email Validation Invalid email addresses fail validation
00:04 +23 -1: C:/Users/nuhaa/Downloads/Chatgpt/noise_pollution_mapper/test/unit/data_validation_test.dart: Data Validation Tests Password Validation Valid passwords pass validation
00:04 +24 -1: C:/Users/nuhaa/Downloads/Chatgpt/noise_pollution_mapper/test/unit/data_validation_test.dart: Data Validation Tests Password Validation Invalid passwords fail validation
00:04 +25 -1: C:/Users/nuhaa/Downloads/Chatgpt/noise_pollution_mapper/test/unit/data_validation_test.dart: Data Validation Tests Decibel Level Validation Valid decibel levels
00:04 +26 -1: C:/Users/nuhaa/Downloads/Chatgpt/noise_pollution_mapper/test/unit/data_validation_test.dart: Data Validation Tests Decibel Level Validation Invalid decibel levels
00:04 +27 -1: C:/Users/nuhaa/Downloads/Chatgpt/noise_pollution_mapper/test/unit/data_validation_test.dart: Data Validation Tests Confidence Score Validation Valid confidence scores
00:04 +28 -1: C:/Users/nuhaa/Downloads/Chatgpt/noise_pollution_mapper/test/unit/data_validation_test.dart: Data Validation Tests Confidence Score Validation Invalid confidence scores
00:04 +29 -1: C:/Users/nuhaa/Downloads/Chatgpt/noise_pollution_mapper/test/unit/data_validation_test.dart: Data Validation Tests Location Validation Valid coordinates
00:04 +30 -1: C:/Users/nuhaa/Downloads/Chatgpt/noise_pollution_mapper/test/unit/data_validation_test.dart: Data Validation Tests Location Validation Invalid coordinates
00:06 +31 -1: C:/Users/nuhaa/Downloads/Chatgpt/noise_pollution_mapper/test/unit/datetime_formatting_test.dart: Date/Time Formatting Tests Format timestamp to readable date
00:06 +32 -1: C:/Users/nuhaa/Downloads/Chatgpt/noise_pollution_mapper/test/unit/datetime_formatting_test.dart: Date/Time Formatting Tests Format timestamp with time
00:06 +33 -1: C:/Users/nuhaa/Downloads/Chatgpt/noise_pollution_mapper/test/unit/datetime_formatting_test.dart: Date/Time Formatting Tests Format time only
00:06 +34 -1: C:/Users/nuhaa/Downloads/Chatgpt/noise_pollution_mapper/test/unit/datetime_formatting_test.dart: Date/Time Formatting Tests Relative time: today
00:06 +35 -1: C:/Users/nuhaa/Downloads/Chatgpt/noise_pollution_mapper/test/unit/datetime_formatting_test.dart: Date/Time Formatting Tests Relative time: yesterday
00:06 +36 -1: C:/Users/nuhaa/Downloads/Chatgpt/noise_pollution_mapper/test/unit/datetime_formatting_test.dart: Date/Time Formatting Tests ISO 8601 format compatibility
00:06 +37 -1: C:/Users/nuhaa/Downloads/Chatgpt/noise_pollution_mapper/test/unit/datetime_formatting_test.dart: Duration Formatting Tests Format seconds to human readable
00:06 +38 -1: C:/Users/nuhaa/Downloads/Chatgpt/noise_pollution_mapper/test/unit/datetime_formatting_test.dart: Duration Formatting Tests Recording duration calculation
00:07 +39 -1: C:/Users/nuhaa/Downloads/Chatgpt/noise_pollution_mapper/test/unit/decibel_calculation_test.dart: Decibel Level Categorization Tests Low noise level (< 50 dB)
00:07 +40 -1: C:/Users/nuhaa/Downloads/Chatgpt/noise_pollution_mapper/test/unit/decibel_calculation_test.dart: Decibel Level Categorization Tests Moderate noise level (50-70 dB)
00:07 +41 -1: C:/Users/nuhaa/Downloads/Chatgpt/noise_pollution_mapper/test/unit/decibel_calculation_test.dart: Decibel Level Categorization Tests High noise level (> 70 dB)
00:07 +42 -1: C:/Users/nuhaa/Downloads/Chatgpt/noise_pollution_mapper/test/unit/decibel_calculation_test.dart: Decibel Level Categorization Tests Boundary case: exactly 50 dB
00:07 +43 -1: C:/Users/nuhaa/Downloads/Chatgpt/noise_pollution_mapper/test/unit/decibel_calculation_test.dart: Decibel Level Categorization Tests Boundary case: exactly 70 dB
00:07 +44 -1: C:/Users/nuhaa/Downloads/Chatgpt/noise_pollution_mapper/test/unit/decibel_calculation_test.dart: Decibel Level Categorization Tests Extreme low: 0 dB
00:07 +45 -1: C:/Users/nuhaa/Downloads/Chatgpt/noise_pollution_mapper/test/unit/decibel_calculation_test.dart: Decibel Level Categorization Tests Extreme high: 120 dB
00:07 +46 -1: C:/Users/nuhaa/Downloads/Chatgpt/noise_pollution_mapper/test/unit/decibel_calculation_test.dart: Decibel Level Categorization Tests Typical conversation: ~60 dB
00:07 +47 -1: C:/Users/nuhaa/Downloads/Chatgpt/noise_pollution_mapper/test/unit/decibel_calculation_test.dart: Decibel Level Categorization Tests Traffic noise: ~80 dB
00:07 +48 -1: C:/Users/nuhaa/Downloads/Chatgpt/noise_pollution_mapper/test/unit/decibel_calculation_test.dart: Decibel Level Categorization Tests Library quiet: ~40 dB
00:07 +49 -1: C:/Users/nuhaa/Downloads/Chatgpt/noise_pollution_mapper/test/unit/decibel_calculation_test.dart: Decibel Statistical Calculations Calculate average from list of readings
00:07 +50 -1: C:/Users/nuhaa/Downloads/Chatgpt/noise_pollution_mapper/test/unit/decibel_calculation_test.dart: Decibel Statistical Calculations Find minimum value
00:07 +51 -1: C:/Users/nuhaa/Downloads/Chatgpt/noise_pollution_mapper/test/unit/decibel_calculation_test.dart: Decibel Statistical Calculations Find maximum value
00:07 +52 -1: C:/Users/nuhaa/Downloads/Chatgpt/noise_pollution_mapper/test/unit/decibel_calculation_test.dart: Decibel Statistical Calculations Empty list returns 0 for average
00:07 +53 -1: C:/Users/nuhaa/Downloads/Chatgpt/noise_pollution_mapper/test/unit/decibel_calculation_test.dart: Decibel Statistical Calculations Single value list
00:08 +54 -1: C:/Users/nuhaa/Downloads/Chatgpt/noise_pollution_mapper/test/unit/firebase_service_test.dart: FirebaseService Unit Tests FirebaseService instance can be created
00:08 +54 -2: C:/Users/nuhaa/Downloads/Chatgpt/noise_pollution_mapper/test/unit/firebase_service_test.dart: FirebaseService Unit Tests FirebaseService instance can be created [E]
  [core/no-app] No Firebase App '[DEFAULT]' has been created - call Firebase.initializeApp()
  package:firebase_core_platform_interface/src/method_channel/method_channel_firebase.dart 190:5  MethodChannelFirebase.app
  package:firebase_core/src/firebase.dart 79:41                                                   Firebase.app
  package:cloud_firestore/src/firestore.dart 33:21                                                FirebaseFirestore.instance
  package:noise_pollution_mapper/services/firebase_service.dart 5:58                              new FirebaseService
  test\unit\firebase_service_test.dart 10:25                                                      main.<fn>.<fn>
  
00:08 +54 -2: C:/Users/nuhaa/Downloads/Chatgpt/noise_pollution_mapper/test/unit/firebase_service_test.dart: FirebaseService Unit Tests FirebaseService is not null
00:08 +54 -3: C:/Users/nuhaa/Downloads/Chatgpt/noise_pollution_mapper/test/unit/firebase_service_test.dart: FirebaseService Unit Tests FirebaseService is not null [E]
  [core/no-app] No Firebase App '[DEFAULT]' has been created - call Firebase.initializeApp()
  package:firebase_core_platform_interface/src/method_channel/method_channel_firebase.dart 190:5  MethodChannelFirebase.app
  package:firebase_core/src/firebase.dart 79:41                                                   Firebase.app
  package:cloud_firestore/src/firestore.dart 33:21                                                FirebaseFirestore.instance
  package:noise_pollution_mapper/services/firebase_service.dart 5:58                              new FirebaseService
  test\unit\firebase_service_test.dart 10:25                                                      main.<fn>.<fn>
  
00:08 +54 -3: C:/Users/nuhaa/Downloads/Chatgpt/noise_pollution_mapper/test/unit/firebase_service_test.dart: FirebaseService Unit Tests getUserReadings stream should not be null
00:08 +54 -4: C:/Users/nuhaa/Downloads/Chatgpt/noise_pollution_mapper/test/unit/firebase_service_test.dart: FirebaseService Unit Tests getUserReadings stream should not be null [E]
  [core/no-app] No Firebase App '[DEFAULT]' has been created - call Firebase.initializeApp()
  package:firebase_core_platform_interface/src/method_channel/method_channel_firebase.dart 190:5  MethodChannelFirebase.app
  package:firebase_core/src/firebase.dart 79:41                                                   Firebase.app
  package:cloud_firestore/src/firestore.dart 33:21                                                FirebaseFirestore.instance
  package:noise_pollution_mapper/services/firebase_service.dart 5:58                              new FirebaseService
  test\unit\firebase_service_test.dart 10:25                                                      main.<fn>.<fn>
  
00:08 +54 -4: C:/Users/nuhaa/Downloads/Chatgpt/noise_pollution_mapper/test/unit/firebase_service_test.dart: FirebaseService Unit Tests getNoiseReadings stream should not be null
00:08 +54 -5: C:/Users/nuhaa/Downloads/Chatgpt/noise_pollution_mapper/test/unit/firebase_service_test.dart: FirebaseService Unit Tests getNoiseReadings stream should not be null [E]
  [core/no-app] No Firebase App '[DEFAULT]' has been created - call Firebase.initializeApp()
  package:firebase_core_platform_interface/src/method_channel/method_channel_firebase.dart 190:5  MethodChannelFirebase.app
  package:firebase_core/src/firebase.dart 79:41                                                   Firebase.app
  package:cloud_firestore/src/firestore.dart 33:21                                                FirebaseFirestore.instance
  package:noise_pollution_mapper/services/firebase_service.dart 5:58                              new FirebaseService
  test\unit\firebase_service_test.dart 10:25                                                      main.<fn>.<fn>
  
00:08 +54 -5: C:/Users/nuhaa/Downloads/Chatgpt/noise_pollution_mapper/test/unit/firebase_service_test.dart: FirebaseService Unit Tests FirebaseService has required methods
00:08 +54 -6: C:/Users/nuhaa/Downloads/Chatgpt/noise_pollution_mapper/test/unit/firebase_service_test.dart: FirebaseService Unit Tests FirebaseService has required methods [E]
  [core/no-app] No Firebase App '[DEFAULT]' has been created - call Firebase.initializeApp()
  package:firebase_core_platform_interface/src/method_channel/method_channel_firebase.dart 190:5  MethodChannelFirebase.app
  package:firebase_core/src/firebase.dart 79:41                                                   Firebase.app
  package:cloud_firestore/src/firestore.dart 33:21                                                FirebaseFirestore.instance
  package:noise_pollution_mapper/services/firebase_service.dart 5:58                              new FirebaseService
  test\unit\firebase_service_test.dart 10:25                                                      main.<fn>.<fn>
  
00:09 +54 -6: C:/Users/nuhaa/Downloads/Chatgpt/noise_pollution_mapper/test/unit/location_utils_test.dart: GPS Coordinate Validation Tests Sri Lankan coordinates (Colombo) are valid
00:09 +55 -6: C:/Users/nuhaa/Downloads/Chatgpt/noise_pollution_mapper/test/unit/location_utils_test.dart: GPS Coordinate Validation Tests Sri Lankan coordinates (Kandy) are valid
00:09 +56 -6: C:/Users/nuhaa/Downloads/Chatgpt/noise_pollution_mapper/test/unit/location_utils_test.dart: GPS Coordinate Validation Tests Sri Lankan coordinates (Galle) are valid
00:09 +57 -6: C:/Users/nuhaa/Downloads/Chatgpt/noise_pollution_mapper/test/unit/location_utils_test.dart: GPS Coordinate Validation Tests Invalid latitude: out of range
00:09 +58 -6: C:/Users/nuhaa/Downloads/Chatgpt/noise_pollution_mapper/test/unit/location_utils_test.dart: GPS Coordinate Validation Tests Invalid longitude: out of range
00:09 +59 -6: C:/Users/nuhaa/Downloads/Chatgpt/noise_pollution_mapper/test/unit/location_utils_test.dart: GPS Coordinate Validation Tests Boundary values: poles
00:09 +60 -6: C:/Users/nuhaa/Downloads/Chatgpt/noise_pollution_mapper/test/unit/location_utils_test.dart: GPS Coordinate Validation Tests Boundary values: international date line
00:09 +61 -6: C:/Users/nuhaa/Downloads/Chatgpt/noise_pollution_mapper/test/unit/location_utils_test.dart: GPS Coordinate Validation Tests Equator and Prime Meridian
00:09 +62 -6: C:/Users/nuhaa/Downloads/Chatgpt/noise_pollution_mapper/test/unit/location_utils_test.dart: Distance Calculation Tests Distance between two nearby points
00:09 +63 -6: C:/Users/nuhaa/Downloads/Chatgpt/noise_pollution_mapper/test/unit/location_utils_test.dart: Distance Calculation Tests Distance between same point is zero
00:09 +64 -6: C:/Users/nuhaa/Downloads/Chatgpt/noise_pollution_mapper/test/unit/location_utils_test.dart: Distance Calculation Tests Distance calculation is symmetric
00:09 +65 -6: C:/Users/nuhaa/Downloads/Chatgpt/noise_pollution_mapper/test/unit/location_utils_test.dart: Location Name Formatting Tests Format location name from components
00:09 +66 -6: C:/Users/nuhaa/Downloads/Chatgpt/noise_pollution_mapper/test/unit/location_utils_test.dart: Location Name Formatting Tests Handle null location components
00:09 +67 -6: C:/Users/nuhaa/Downloads/Chatgpt/noise_pollution_mapper/test/unit/location_utils_test.dart: Location Name Formatting Tests Unknown location fallback
00:12 +68 -6: C:/Users/nuhaa/Downloads/Chatgpt/noise_pollution_mapper/test/unit/notification_service_test.dart: Notification Service Tests NotificationService class exists
00:12 +69 -6: C:/Users/nuhaa/Downloads/Chatgpt/noise_pollution_mapper/test/unit/notification_service_test.dart: Notification Service Tests NotificationService has initialize static method
00:12 +70 -6: C:/Users/nuhaa/Downloads/Chatgpt/noise_pollution_mapper/test/unit/notification_service_test.dart: Notification Service Tests NotificationService has requestPermission static method
00:12 +71 -6: C:/Users/nuhaa/Downloads/Chatgpt/noise_pollution_mapper/test/unit/notification_service_test.dart: Notification Service Tests NotificationService has showHighNoiseAlert static method
00:12 +72 -6: C:/Users/nuhaa/Downloads/Chatgpt/noise_pollution_mapper/test/unit/notification_service_test.dart: Notification Service Tests All notification methods are static (not instance)
00:15 +73 -6: C:/Users/nuhaa/Downloads/Chatgpt/noise_pollution_mapper/test/unit/sound_classification_test.dart: Sound Classification Service Tests SoundClassificationService can be instantiated
00:15 +74 -6: C:/Users/nuhaa/Downloads/Chatgpt/noise_pollution_mapper/test/unit/sound_classification_test.dart: Sound Classification Service Tests Class mapping contains expected categories
00:15 +75 -6: C:/Users/nuhaa/Downloads/Chatgpt/noise_pollution_mapper/test/unit/sound_classification_test.dart: Sound Classification Service Tests Sound type mapping works for pollution sounds
00:15 +76 -6: C:/Users/nuhaa/Downloads/Chatgpt/noise_pollution_mapper/test/unit/sound_classification_test.dart: Sound Classification Service Tests Sound type mapping works for ambient sounds
00:15 +77 -6: C:/Users/nuhaa/Downloads/Chatgpt/noise_pollution_mapper/test/unit/sound_classification_test.dart: Sound Classification Service Tests Category constants are defined
00:15 +78 -6: C:/Users/nuhaa/Downloads/Chatgpt/noise_pollution_mapper/test/unit/sound_classification_test.dart: Sound Classification Service Tests Type constants are defined
00:15 +79 -6: C:/Users/nuhaa/Downloads/Chatgpt/noise_pollution_mapper/test/unit/sound_classification_test.dart: Sound Classification Service Tests Classification constants have correct types
00:15 +80 -6: C:/Users/nuhaa/Downloads/Chatgpt/noise_pollution_mapper/test/unit/sound_classification_test.dart: Sound Classification Service Tests Confidence threshold is reasonable
00:15 +81 -6: C:/Users/nuhaa/Downloads/Chatgpt/noise_pollution_mapper/test/unit/sound_classification_test.dart: Sound Classification Service Tests Classification interval is positive
00:15 +82 -6: C:/Users/nuhaa/Downloads/Chatgpt/noise_pollution_mapper/test/unit/sound_classification_test.dart: Sound Classification Service Tests YAMNet model specifications are correct
00:15 +83 -6: C:/Users/nuhaa/Downloads/Chatgpt/noise_pollution_mapper/test/unit/sound_classification_test.dart: Sound Classification Service Tests Get category from class name works
00:15 +84 -6: C:/Users/nuhaa/Downloads/Chatgpt/noise_pollution_mapper/test/unit/sound_classification_test.dart: Sound Classification Service Tests Get category icon returns emoji
00:15 +85 -6: C:/Users/nuhaa/Downloads/Chatgpt/noise_pollution_mapper/test/unit/sound_classification_test.dart: Sound Classification Service Tests Get category color returns valid color code
00:15 +86 -6: C:/Users/nuhaa/Downloads/Chatgpt/noise_pollution_mapper/test/unit/sound_classification_test.dart: Sound Classification Service Tests Class mapping contains common sound classes
00:16 +87 -6: Some tests failed.
